2023-12-21 14:19:38,548 - INFO - Program Started
2023-12-21 14:19:38,563 - INFO - my-1st-bucket bucket is created successfully
2023-12-21 14:19:38,565 - INFO - list index out of range
2023-12-21 14:19:38,571 - INFO - test/products.js is uploaded successfully
2023-12-21 14:19:38,861 - CRITICAL - test/Example-Room-Renderings.zip is corrupted
2023-12-21 14:19:38,861 - INFO - test/Example-Room-Renderings.zip is uploaded successfully
2023-12-21 14:19:38,925 - INFO - test/Example-Room-Renderings/Medium room iso PP black.png is uploaded successfully
2023-12-21 14:19:38,982 - INFO - test/Example-Room-Renderings/Small room 1 screen Creston.png is uploaded successfully
2023-12-21 14:19:39,003 - INFO - test/Example-Room-Renderings/W FF 3 large room poly surface.jpg is uploaded successfully
2023-12-21 14:19:39,060 - INFO - test/Example-Room-Renderings/images/AR room 4.png is uploaded successfully
2023-12-21 14:19:39,145 - CRITICAL - test/Example-Room-Renderings/images/Classroom 1.png is corrupted
2023-12-21 14:19:39,145 - INFO - test/Example-Room-Renderings/images/Classroom 1.png is uploaded successfully
2023-12-21 14:19:39,212 - INFO - test/Example-Room-Renderings/images/Large 1 screen surface.png is uploaded successfully
2023-12-21 14:19:39,270 - INFO - test/Example-Room-Renderings/images/executive room 1 screen Creston.png is uploaded successfully
2023-12-21 14:19:39,335 - INFO - test/Example-Room-Renderings/images/focus room 1 screen Creston.png is uploaded successfully
2023-12-21 14:19:39,400 - INFO - test/Example-Room-Renderings/single medium room surface 50.png is uploaded successfully
2023-12-21 14:19:39,422 - INFO - test/Example-Room-Renderings/small room rally bar mini surface 50_01.jpg is uploaded successfully
2023-12-21 14:19:39,439 - INFO - test/Example-Room-Renderings/surface 50.jpg is uploaded successfully
2023-12-21 14:19:39,446 - INFO - test/MRC Demo Notes from Jason1.docx is uploaded successfully
2023-12-21 14:19:39,452 - INFO - test/MRC Phase 2.docx.docx is uploaded successfully
2023-12-21 14:19:39,458 - INFO - test/MRC_Phase1.docx is uploaded successfully
2023-12-21 14:19:39,464 - INFO - test/Meeting Room Items V2.xlsx is uploaded successfully
2023-12-21 14:19:39,470 - INFO - test/Meeting Rooms Made Simple_all BOMs_4.6.2022_Partner Ready_subject to change.xlsx is uploaded successfully
2023-12-21 14:19:39,475 - INFO - test/SameCategory_Headsets.json is uploaded successfully
2023-12-21 14:19:39,482 - INFO - test/UC Bundles - MRC Example Data (1).xlsx is uploaded successfully
2023-12-21 14:19:39,487 - INFO - test/attributesFromAPI.json is uploaded successfully
2023-12-21 14:19:39,492 - INFO - test/bundle2.json is uploaded successfully
2023-12-21 14:19:39,498 - INFO - test/data1.json is uploaded successfully
2023-12-21 14:19:39,503 - INFO - test/data2.json is uploaded successfully
2023-12-21 14:19:39,509 - INFO - test/datamodel for questions and user selections.js is uploaded successfully
2023-12-21 14:19:39,516 - INFO - test/dbmodel.png is uploaded successfully
2023-12-21 14:19:39,522 - INFO - test/docs/Final Push for MRC Phase 1.docx is uploaded successfully
2023-12-21 14:19:39,527 - INFO - test/mrc_environement_variable.txt is uploaded successfully
2023-12-21 14:19:39,532 - INFO - test/product2.json is uploaded successfully
2023-12-21 14:19:39,538 - INFO - test/productCategories.json is uploaded successfully
2023-12-21 14:19:39,542 - INFO - test/products.js already exist in the storage
2023-12-21 14:19:39,542 - INFO - Program execution completed successfully
2023-12-21 14:20:02,488 - INFO - Program Started
2023-12-21 14:20:02,510 - INFO - test/products.js already exist in the storage
2023-12-21 14:20:02,510 - INFO - Program execution completed successfully
